\BOOKMARK [0][-]{chapter*.2}{\376\377\000C\000o\000n\000t\000e\000n\000t\000s}{}% 1
\BOOKMARK [0][-]{chapter*.2}{\376\377\000L\000i\000s\000t\000\040\000o\000f\000\040\000T\000a\000b\000l\000e\000s}{}% 2
\BOOKMARK [0][-]{chapter*.2}{\376\377\000L\000i\000s\000t\000\040\000o\000f\000\040\000F\000i\000g\000u\000r\000e\000s}{}% 3
\BOOKMARK [0][-]{chapter*.3}{\376\377\000A\000c\000k\000n\000o\000w\000l\000e\000d\000g\000e\000m\000e\000n\000t\000s}{}% 4
\BOOKMARK [0][-]{chapter*.4}{\376\377\000A\000b\000s\000t\000r\000a\000c\000t}{}% 5
\BOOKMARK [0][-]{chapter.1}{\376\377\000I\000n\000t\000r\000o\000d\000u\000c\000t\000i\000o\000n}{}% 6
\BOOKMARK [1][-]{section.1.1}{\376\377\000B\000a\000c\000k\000g\000r\000o\000u\000n\000d}{chapter.1}% 7
\BOOKMARK [1][-]{section.1.2}{\376\377\000P\000r\000o\000b\000l\000e\000m\000\040\000S\000t\000a\000t\000e\000m\000e\000n\000t}{chapter.1}% 8
\BOOKMARK [1][-]{section.1.3}{\376\377\000R\000e\000s\000e\000a\000r\000c\000h\000\040\000M\000o\000t\000i\000v\000a\000t\000i\000o\000n}{chapter.1}% 9
\BOOKMARK [1][-]{section.1.4}{\376\377\000R\000e\000s\000e\000a\000r\000c\000h\000\040\000O\000b\000j\000e\000c\000t\000i\000v\000e\000s}{chapter.1}% 10
\BOOKMARK [1][-]{section.1.5}{\376\377\000S\000c\000o\000p\000e\000\040\000a\000n\000d\000\040\000L\000i\000m\000i\000t\000a\000t\000i\000o\000n\000s}{chapter.1}% 11
\BOOKMARK [1][-]{section.1.6}{\376\377\000T\000h\000e\000s\000i\000s\000\040\000O\000r\000g\000a\000n\000i\000s\000a\000t\000i\000o\000n}{chapter.1}% 12
\BOOKMARK [0][-]{chapter.2}{\376\377\000L\000i\000t\000e\000r\000a\000t\000u\000r\000e\000\040\000R\000e\000v\000i\000e\000w}{}% 13
\BOOKMARK [1][-]{section.2.1}{\376\377\000I\000n\000t\000r\000o\000d\000u\000c\000t\000i\000o\000n}{chapter.2}% 14
\BOOKMARK [1][-]{section.2.2}{\376\377\000C\000r\000i\000c\000k\000e\000t\000\040\000S\000c\000o\000r\000e\000\040\000P\000r\000e\000d\000i\000c\000t\000i\000o\000n}{chapter.2}% 15
\BOOKMARK [2][-]{subsection.2.2.1}{\376\377\000E\000a\000r\000l\000y\000\040\000S\000t\000a\000t\000i\000s\000t\000i\000c\000a\000l\000\040\000A\000p\000p\000r\000o\000a\000c\000h\000e\000s}{section.2.2}% 16
\BOOKMARK [2][-]{subsection.2.2.2}{\376\377\000M\000a\000c\000h\000i\000n\000e\000\040\000L\000e\000a\000r\000n\000i\000n\000g\000\040\000A\000p\000p\000r\000o\000a\000c\000h\000e\000s\000\040\000t\000o\000\040\000S\000c\000o\000r\000e\000\040\000P\000r\000e\000d\000i\000c\000t\000i\000o\000n}{section.2.2}% 17
\BOOKMARK [2][-]{subsection.2.2.3}{\376\377\000F\000e\000a\000t\000u\000r\000e\000\040\000E\000n\000g\000i\000n\000e\000e\000r\000i\000n\000g\000\040\000i\000n\000\040\000T\0002\0000\000\040\000A\000n\000a\000l\000y\000t\000i\000c\000s}{section.2.2}% 18
\BOOKMARK [2][-]{subsection.2.2.4}{\376\377\000L\000i\000m\000i\000t\000a\000t\000i\000o\000n\000s\000\040\000o\000f\000\040\000C\000o\000n\000v\000e\000n\000t\000i\000o\000n\000a\000l\000\040\000A\000p\000p\000r\000o\000a\000c\000h\000e\000s}{section.2.2}% 19
\BOOKMARK [1][-]{section.2.3}{\376\377\000L\000a\000r\000g\000e\000\040\000L\000a\000n\000g\000u\000a\000g\000e\000\040\000M\000o\000d\000e\000l\000s}{chapter.2}% 20
\BOOKMARK [2][-]{subsection.2.3.1}{\376\377\000T\000r\000a\000n\000s\000f\000o\000r\000m\000e\000r\000\040\000A\000r\000c\000h\000i\000t\000e\000c\000t\000u\000r\000e}{section.2.3}% 21
\BOOKMARK [2][-]{subsection.2.3.2}{\376\377\000P\000r\000e\000-\000t\000r\000a\000i\000n\000i\000n\000g\000\040\000a\000n\000d\000\040\000t\000h\000e\000\040\000E\000m\000e\000r\000g\000e\000n\000c\000e\000\040\000o\000f\000\040\000G\000e\000n\000e\000r\000a\000l\000\040\000C\000a\000p\000a\000b\000i\000l\000i\000t\000i\000e\000s}{section.2.3}% 22
\BOOKMARK [2][-]{subsection.2.3.3}{\376\377\000L\000L\000M\000s\000\040\000f\000o\000r\000\040\000N\000u\000m\000e\000r\000i\000c\000a\000l\000\040\000a\000n\000d\000\040\000S\000t\000r\000u\000c\000t\000u\000r\000e\000d\000\040\000R\000e\000a\000s\000o\000n\000i\000n\000g}{section.2.3}% 23
\BOOKMARK [1][-]{section.2.4}{\376\377\000P\000a\000r\000a\000m\000e\000t\000e\000r\000-\000E\000f\000f\000i\000c\000i\000e\000n\000t\000\040\000F\000i\000n\000e\000-\000T\000u\000n\000i\000n\000g}{chapter.2}% 24
\BOOKMARK [2][-]{subsection.2.4.1}{\376\377\000T\000h\000e\000\040\000C\000h\000a\000l\000l\000e\000n\000g\000e\000\040\000o\000f\000\040\000F\000u\000l\000l\000\040\000F\000i\000n\000e\000-\000T\000u\000n\000i\000n\000g}{section.2.4}% 25
\BOOKMARK [2][-]{subsection.2.4.2}{\376\377\000L\000o\000w\000-\000R\000a\000n\000k\000\040\000A\000d\000a\000p\000t\000a\000t\000i\000o\000n\000\040\000\050\000L\000o\000R\000A\000\051}{section.2.4}% 26
\BOOKMARK [2][-]{subsection.2.4.3}{\376\377\000Q\000u\000a\000n\000t\000i\000s\000e\000d\000\040\000L\000o\000w\000-\000R\000a\000n\000k\000\040\000A\000d\000a\000p\000t\000a\000t\000i\000o\000n\000\040\000\050\000Q\000L\000o\000R\000A\000\051}{section.2.4}% 27
\BOOKMARK [2][-]{subsection.2.4.4}{\376\377\000S\000u\000p\000e\000r\000v\000i\000s\000e\000d\000\040\000F\000i\000n\000e\000-\000T\000u\000n\000i\000n\000g\000\040\000\050\000S\000F\000T\000\051}{section.2.4}% 28
\BOOKMARK [2][-]{subsection.2.4.5}{\376\377\000C\000h\000e\000c\000k\000p\000o\000i\000n\000t\000\040\000S\000e\000l\000e\000c\000t\000i\000o\000n\000\040\000a\000n\000d\000\040\000E\000a\000r\000l\000y\000\040\000S\000t\000o\000p\000p\000i\000n\000g}{section.2.4}% 29
\BOOKMARK [1][-]{section.2.5}{\376\377\000L\000L\000M\000s\000\040\000i\000n\000\040\000S\000p\000o\000r\000t\000s\000\040\000A\000n\000a\000l\000y\000t\000i\000c\000s\000\040\000a\000n\000d\000\040\000F\000o\000r\000e\000c\000a\000s\000t\000i\000n\000g}{chapter.2}% 30
\BOOKMARK [2][-]{subsection.2.5.1}{\376\377\000S\000p\000o\000r\000t\000s\000\040\000A\000n\000a\000l\000y\000t\000i\000c\000s\000\040\000w\000i\000t\000h\000\040\000M\000a\000c\000h\000i\000n\000e\000\040\000L\000e\000a\000r\000n\000i\000n\000g}{section.2.5}% 31
\BOOKMARK [2][-]{subsection.2.5.2}{\376\377\000L\000a\000n\000g\000u\000a\000g\000e\000\040\000M\000o\000d\000e\000l\000s\000\040\000f\000o\000r\000\040\000S\000t\000r\000u\000c\000t\000u\000r\000e\000d\000\040\000a\000n\000d\000\040\000T\000a\000b\000u\000l\000a\000r\000\040\000D\000a\000t\000a}{section.2.5}% 32
\BOOKMARK [2][-]{subsection.2.5.3}{\376\377\000L\000L\000M\000s\000\040\000A\000p\000p\000l\000i\000e\000d\000\040\000t\000o\000\040\000S\000p\000o\000r\000t\000s\000-\000S\000p\000e\000c\000i\000f\000i\000c\000\040\000T\000a\000s\000k\000s}{section.2.5}% 33
\BOOKMARK [1][-]{section.2.6}{\376\377\000R\000e\000s\000e\000a\000r\000c\000h\000\040\000G\000a\000p\000\040\000a\000n\000d\000\040\000P\000o\000s\000i\000t\000i\000o\000n\000i\000n\000g\000\040\000o\000f\000\040\000t\000h\000e\000\040\000P\000r\000e\000s\000e\000n\000t\000\040\000S\000t\000u\000d\000y}{chapter.2}% 34
\BOOKMARK [0][-]{chapter.3}{\376\377\000M\000a\000t\000e\000r\000i\000a\000l\000s\000\040\000a\000n\000d\000\040\000M\000e\000t\000h\000o\000d\000s}{}% 35
\BOOKMARK [1][-]{section.3.1}{\376\377\000I\000n\000t\000r\000o\000d\000u\000c\000t\000i\000o\000n}{chapter.3}% 36
\BOOKMARK [1][-]{section.3.2}{\376\377\000D\000a\000t\000a\000\040\000C\000o\000l\000l\000e\000c\000t\000i\000o\000n\000\040\000a\000n\000d\000\040\000P\000r\000e\000p\000r\000o\000c\000e\000s\000s\000i\000n\000g}{chapter.3}% 37
\BOOKMARK [2][-]{subsection.3.2.1}{\376\377\000S\000o\000u\000r\000c\000e\000\040\000D\000a\000t\000a\000s\000e\000t}{section.3.2}% 38
\BOOKMARK [2][-]{subsection.3.2.2}{\376\377\000F\000i\000l\000t\000e\000r\000i\000n\000g\000\040\000C\000r\000i\000t\000e\000r\000i\000a}{section.3.2}% 39
\BOOKMARK [2][-]{subsection.3.2.3}{\376\377\000V\000e\000n\000u\000e\000\040\000N\000a\000m\000e\000\040\000N\000o\000r\000m\000a\000l\000i\000s\000a\000t\000i\000o\000n}{section.3.2}% 40
\BOOKMARK [1][-]{section.3.3}{\376\377\000F\000e\000a\000t\000u\000r\000e\000\040\000E\000n\000g\000i\000n\000e\000e\000r\000i\000n\000g}{chapter.3}% 41
\BOOKMARK [2][-]{subsection.3.3.1}{\376\377\000I\000n\000n\000i\000n\000g\000s\000\040\000S\000e\000g\000m\000e\000n\000t\000a\000t\000i\000o\000n}{section.3.3}% 42
\BOOKMARK [2][-]{subsection.3.3.2}{\376\377\000P\000e\000r\000-\000S\000e\000c\000t\000i\000o\000n\000\040\000F\000e\000a\000t\000u\000r\000e\000s}{section.3.3}% 43
\BOOKMARK [2][-]{subsection.3.3.3}{\376\377\000V\000e\000n\000u\000e\000\040\000P\000a\000r\000\040\000S\000c\000o\000r\000e}{section.3.3}% 44
\BOOKMARK [2][-]{subsection.3.3.4}{\376\377\000P\000l\000a\000y\000e\000r\000\040\000B\000a\000t\000t\000i\000n\000g\000\040\000a\000n\000d\000\040\000B\000o\000w\000l\000i\000n\000g\000\040\000S\000t\000a\000t\000i\000s\000t\000i\000c\000s}{section.3.3}% 45
\BOOKMARK [2][-]{subsection.3.3.5}{\376\377\000P\000l\000a\000y\000e\000r\000\040\000C\000l\000a\000s\000s\000i\000f\000i\000c\000a\000t\000i\000o\000n}{section.3.3}% 46
\BOOKMARK [2][-]{subsection.3.3.6}{\376\377\000R\000e\000m\000a\000i\000n\000i\000n\000g\000\040\000B\000a\000t\000t\000i\000n\000g\000\040\000S\000t\000r\000e\000n\000g\000t\000h\000\040\000S\000c\000o\000r\000e}{section.3.3}% 47
\BOOKMARK [1][-]{section.3.4}{\376\377\000P\000r\000o\000m\000p\000t\000\040\000S\000c\000h\000e\000m\000a\000\040\000a\000n\000d\000\040\000D\000a\000t\000a\000s\000e\000t\000\040\000C\000o\000n\000s\000t\000r\000u\000c\000t\000i\000o\000n}{chapter.3}% 48
\BOOKMARK [2][-]{subsection.3.4.1}{\376\377\000N\000a\000t\000u\000r\000a\000l\000-\000L\000a\000n\000g\000u\000a\000g\000e\000\040\000P\000r\000o\000m\000p\000t\000\040\000D\000e\000s\000i\000g\000n}{section.3.4}% 49
\BOOKMARK [2][-]{subsection.3.4.2}{\376\377\000D\000a\000t\000a\000s\000e\000t\000\040\000S\000p\000l\000i\000t}{section.3.4}% 50
\BOOKMARK [1][-]{section.3.5}{\376\377\000M\000o\000d\000e\000l\000\040\000A\000r\000c\000h\000i\000t\000e\000c\000t\000u\000r\000e\000\040\000a\000n\000d\000\040\000F\000i\000n\000e\000-\000T\000u\000n\000i\000n\000g}{chapter.3}% 51
\BOOKMARK [2][-]{subsection.3.5.1}{\376\377\000B\000a\000s\000e\000\040\000M\000o\000d\000e\000l}{section.3.5}% 52
\BOOKMARK [2][-]{subsection.3.5.2}{\376\377\000L\000o\000R\000A\000\040\000A\000d\000a\000p\000t\000e\000r\000\040\000C\000o\000n\000f\000i\000g\000u\000r\000a\000t\000i\000o\000n}{section.3.5}% 53
\BOOKMARK [2][-]{subsection.3.5.3}{\376\377\000T\000r\000a\000i\000n\000i\000n\000g\000\040\000P\000r\000o\000c\000e\000d\000u\000r\000e}{section.3.5}% 54
\BOOKMARK [2][-]{subsection.3.5.4}{\376\377\000C\000h\000e\000c\000k\000p\000o\000i\000n\000t\000\040\000S\000e\000l\000e\000c\000t\000i\000o\000n}{section.3.5}% 55
\BOOKMARK [1][-]{section.3.6}{\376\377\000E\000v\000a\000l\000u\000a\000t\000i\000o\000n\000\040\000F\000r\000a\000m\000e\000w\000o\000r\000k}{chapter.3}% 56
\BOOKMARK [2][-]{subsection.3.6.1}{\376\377\000E\000x\000p\000e\000r\000i\000m\000e\000n\000t\000a\000l\000\040\000C\000o\000n\000d\000i\000t\000i\000o\000n\000s}{section.3.6}% 57
\BOOKMARK [2][-]{subsection.3.6.2}{\376\377\000I\000n\000f\000e\000r\000e\000n\000c\000e\000\040\000C\000o\000n\000f\000i\000g\000u\000r\000a\000t\000i\000o\000n}{section.3.6}% 58
\BOOKMARK [2][-]{subsection.3.6.3}{\376\377\000O\000u\000t\000p\000u\000t\000\040\000P\000o\000s\000t\000-\000p\000r\000o\000c\000e\000s\000s\000i\000n\000g}{section.3.6}% 59
\BOOKMARK [2][-]{subsection.3.6.4}{\376\377\000P\000e\000r\000f\000o\000r\000m\000a\000n\000c\000e\000\040\000M\000e\000t\000r\000i\000c\000s}{section.3.6}% 60
\BOOKMARK [1][-]{section.3.7}{\376\377\000S\000e\000r\000v\000e\000r\000l\000e\000s\000s\000\040\000I\000n\000f\000e\000r\000e\000n\000c\000e\000\040\000D\000e\000p\000l\000o\000y\000m\000e\000n\000t}{chapter.3}% 61
\BOOKMARK [2][-]{subsection.3.7.1}{\376\377\000E\000p\000h\000e\000m\000e\000r\000a\000l\000\040\000I\000n\000f\000e\000r\000e\000n\000c\000e\000\040\000F\000u\000n\000c\000t\000i\000o\000n}{section.3.7}% 62
\BOOKMARK [2][-]{subsection.3.7.2}{\376\377\000P\000e\000r\000s\000i\000s\000t\000e\000n\000t\000\040\000W\000a\000r\000m\000\040\000S\000e\000r\000v\000i\000c\000e}{section.3.7}% 63
\BOOKMARK [2][-]{subsection.3.7.3}{\376\377\000G\000r\000a\000d\000i\000o\000\040\000W\000e\000b\000\040\000I\000n\000t\000e\000r\000f\000a\000c\000e\000\040\000a\000n\000d\000\040\000H\000u\000g\000g\000i\000n\000g\000\040\000F\000a\000c\000e\000\040\000S\000p\000a\000c\000e\000s\000\040\000D\000e\000p\000l\000o\000y\000m\000e\000n\000t}{section.3.7}% 64
\BOOKMARK [0][-]{chapter.4}{\376\377\000R\000e\000s\000u\000l\000t\000s}{}% 65
\BOOKMARK [1][-]{section.4.1}{\376\377\000I\000n\000t\000r\000o\000d\000u\000c\000t\000i\000o\000n}{chapter.4}% 66
\BOOKMARK [1][-]{section.4.2}{\376\377\000Z\000e\000r\000o\000-\000S\000h\000o\000t\000\040\000B\000a\000s\000e\000l\000i\000n\000e\000:\000\040\000L\000l\000a\000m\000a\000\040\0003\000.\0002\000-\0003\000B}{chapter.4}% 67
\BOOKMARK [1][-]{section.4.3}{\376\377\000F\000i\000n\000e\000-\000T\000u\000n\000e\000d\000\040\000L\000l\000a\000m\000a\000\040\0003\000.\0002\000-\0003\000B\000:\000\040\000C\000h\000e\000c\000k\000p\000o\000i\000n\000t\000\040\000C\000o\000m\000p\000a\000r\000i\000s\000o\000n}{chapter.4}% 68
\BOOKMARK [2][-]{subsection.4.3.1}{\376\377\000O\000v\000e\000r\000v\000i\000e\000w}{section.4.3}% 69
\BOOKMARK [2][-]{subsection.4.3.2}{\376\377\000E\000f\000f\000e\000c\000t\000\040\000o\000f\000\040\000C\000h\000e\000c\000k\000p\000o\000i\000n\000t\000\040\000S\000e\000l\000e\000c\000t\000i\000o\000n\000\040\000a\000t\000\040\0002\0000\0000\000\040\000D\000a\000t\000a\000p\000o\000i\000n\000t\000s}{section.4.3}% 70
\BOOKMARK [2][-]{subsection.4.3.3}{\376\377\000E\000f\000f\000e\000c\000t\000\040\000o\000f\000\040\000C\000h\000e\000c\000k\000p\000o\000i\000n\000t\000\040\000S\000e\000l\000e\000c\000t\000i\000o\000n\000\040\000a\000t\000\040\0005\0000\0000\000\040\000D\000a\000t\000a\000p\000o\000i\000n\000t\000s}{section.4.3}% 71
\BOOKMARK [2][-]{subsection.4.3.4}{\376\377\000P\000r\000e\000d\000i\000c\000t\000i\000o\000n\000\040\000A\000c\000c\000u\000r\000a\000c\000y\000\040\000a\000t\000\040\0005\0000\0000\000\040\000D\000a\000t\000a\000p\000o\000i\000n\000t\000s}{section.4.3}% 72
\BOOKMARK [1][-]{section.4.4}{\376\377\000Z\000e\000r\000o\000-\000S\000h\000o\000t\000\040\000F\000r\000o\000n\000t\000i\000e\000r\000\040\000M\000o\000d\000e\000l\000:\000\040\000G\000P\000T\000-\0004\000.\0001\000-\000n\000a\000n\000o}{chapter.4}% 73
\BOOKMARK [1][-]{section.4.5}{\376\377\000C\000r\000o\000s\000s\000-\000C\000o\000n\000d\000i\000t\000i\000o\000n\000\040\000C\000o\000m\000p\000a\000r\000i\000s\000o\000n}{chapter.4}% 74
\BOOKMARK [0][-]{chapter.5}{\376\377\000D\000i\000s\000c\000u\000s\000s\000i\000o\000n}{}% 75
\BOOKMARK [1][-]{section.5.1}{\376\377\000I\000n\000t\000r\000o\000d\000u\000c\000t\000i\000o\000n}{chapter.5}% 76
\BOOKMARK [1][-]{section.5.2}{\376\377\000E\000f\000f\000e\000c\000t\000i\000v\000e\000n\000e\000s\000s\000\040\000o\000f\000\040\000F\000i\000n\000e\000-\000T\000u\000n\000i\000n\000g\000\040\000f\000o\000r\000\040\000S\000c\000o\000r\000e\000\040\000P\000r\000e\000d\000i\000c\000t\000i\000o\000n}{chapter.5}% 77
\BOOKMARK [1][-]{section.5.3}{\376\377\000R\000o\000l\000e\000\040\000o\000f\000\040\000F\000e\000a\000t\000u\000r\000e\000\040\000E\000n\000g\000i\000n\000e\000e\000r\000i\000n\000g\000\040\000a\000n\000d\000\040\000P\000r\000o\000m\000p\000t\000\040\000S\000c\000h\000e\000m\000a}{chapter.5}% 78
\BOOKMARK [1][-]{section.5.4}{\376\377\000C\000h\000e\000c\000k\000p\000o\000i\000n\000t\000\040\000S\000e\000l\000e\000c\000t\000i\000o\000n\000\040\000a\000n\000d\000\040\000G\000e\000n\000e\000r\000a\000l\000i\000s\000a\000t\000i\000o\000n}{chapter.5}% 79
\BOOKMARK [1][-]{section.5.5}{\376\377\000P\000o\000s\000i\000t\000i\000o\000n\000i\000n\000g\000\040\000A\000g\000a\000i\000n\000s\000t\000\040\000t\000h\000e\000\040\000L\000i\000t\000e\000r\000a\000t\000u\000r\000e}{chapter.5}% 80
\BOOKMARK [1][-]{section.5.6}{\376\377\000L\000i\000m\000i\000t\000a\000t\000i\000o\000n\000s}{chapter.5}% 81
\BOOKMARK [1][-]{section.5.7}{\376\377\000F\000u\000t\000u\000r\000e\000\040\000W\000o\000r\000k}{chapter.5}% 82
\BOOKMARK [0][-]{chapter.6}{\376\377\000C\000o\000n\000c\000l\000u\000s\000i\000o\000n\000s}{}% 83
\BOOKMARK [1][-]{section.6.1}{\376\377\000S\000u\000m\000m\000a\000r\000y\000\040\000o\000f\000\040\000t\000h\000e\000\040\000S\000t\000u\000d\000y}{chapter.6}% 84
\BOOKMARK [1][-]{section.6.2}{\376\377\000P\000r\000i\000n\000c\000i\000p\000a\000l\000\040\000F\000i\000n\000d\000i\000n\000g\000s}{chapter.6}% 85
\BOOKMARK [1][-]{section.6.3}{\376\377\000C\000o\000n\000t\000r\000i\000b\000u\000t\000i\000o\000n\000s}{chapter.6}% 86
\BOOKMARK [1][-]{section.6.4}{\376\377\000R\000e\000c\000o\000m\000m\000e\000n\000d\000a\000t\000i\000o\000n\000s\000\040\000f\000o\000r\000\040\000P\000r\000a\000c\000t\000i\000t\000i\000o\000n\000e\000r\000s}{chapter.6}% 87
\BOOKMARK [1][-]{section.6.5}{\376\377\000C\000o\000n\000c\000l\000u\000d\000i\000n\000g\000\040\000R\000e\000m\000a\000r\000k\000s}{chapter.6}% 88
\BOOKMARK [0][-]{chapter.7}{\376\377\000R\000e\000c\000o\000m\000m\000e\000n\000d\000a\000t\000i\000o\000n\000s}{}% 89
\BOOKMARK [1][-]{section.7.1}{\376\377\000I\000n\000t\000r\000o\000d\000u\000c\000t\000i\000o\000n}{chapter.7}% 90
\BOOKMARK [1][-]{section.7.2}{\376\377\000R\000e\000c\000o\000m\000m\000e\000n\000d\000a\000t\000i\000o\000n\000s\000\040\000f\000o\000r\000\040\000C\000r\000i\000c\000k\000e\000t\000\040\000B\000o\000a\000r\000d\000s\000\040\000a\000n\000d\000\040\000A\000n\000a\000l\000y\000t\000i\000c\000s\000\040\000T\000e\000a\000m\000s}{chapter.7}% 91
\BOOKMARK [2][-]{subsection.7.2.1}{\376\377\000A\000d\000o\000p\000t\000\040\000D\000o\000m\000a\000i\000n\000-\000S\000p\000e\000c\000i\000f\000i\000c\000\040\000F\000i\000n\000e\000-\000T\000u\000n\000i\000n\000g\000\040\000O\000v\000e\000r\000\040\000F\000r\000o\000n\000t\000i\000e\000r\000\040\000M\000o\000d\000e\000l\000\040\000P\000r\000o\000m\000p\000t\000i\000n\000g}{section.7.2}% 92
\BOOKMARK [2][-]{subsection.7.2.2}{\376\377\000I\000n\000v\000e\000s\000t\000\040\000i\000n\000\040\000S\000t\000r\000u\000c\000t\000u\000r\000e\000d\000\040\000B\000a\000l\000l\000-\000b\000y\000-\000B\000a\000l\000l\000\040\000D\000a\000t\000a\000\040\000I\000n\000f\000r\000a\000s\000t\000r\000u\000c\000t\000u\000r\000e}{section.7.2}% 93
\BOOKMARK [2][-]{subsection.7.2.3}{\376\377\000U\000s\000e\000\040\000V\000e\000n\000u\000e\000\040\000P\000a\000r\000\040\000S\000c\000o\000r\000e\000s\000\040\000a\000s\000\040\000a\000\040\000B\000a\000s\000e\000l\000i\000n\000e\000\040\000C\000a\000l\000i\000b\000r\000a\000t\000i\000o\000n\000\040\000R\000e\000f\000e\000r\000e\000n\000c\000e}{section.7.2}% 94
\BOOKMARK [2][-]{subsection.7.2.4}{\376\377\000D\000o\000\040\000N\000o\000t\000\040\000U\000s\000e\000\040\000P\000o\000i\000n\000t\000\040\000P\000r\000e\000d\000i\000c\000t\000i\000o\000n\000s\000\040\000A\000l\000o\000n\000e\000\040\000f\000o\000r\000\040\000H\000i\000g\000h\000-\000S\000t\000a\000k\000e\000s\000\040\000D\000e\000c\000i\000s\000i\000o\000n\000s}{section.7.2}% 95
\BOOKMARK [1][-]{section.7.3}{\376\377\000R\000e\000c\000o\000m\000m\000e\000n\000d\000a\000t\000i\000o\000n\000s\000\040\000f\000o\000r\000\040\000M\000a\000c\000h\000i\000n\000e\000\040\000L\000e\000a\000r\000n\000i\000n\000g\000\040\000R\000e\000s\000e\000a\000r\000c\000h\000e\000r\000s}{chapter.7}% 96
\BOOKMARK [2][-]{subsection.7.3.1}{\376\377\000P\000r\000i\000o\000r\000i\000t\000i\000s\000e\000\040\000F\000e\000a\000t\000u\000r\000e\000\040\000E\000n\000g\000i\000n\000e\000e\000r\000i\000n\000g\000\040\000f\000o\000r\000\040\000S\000t\000r\000u\000c\000t\000u\000r\000e\000d\000\040\000T\000a\000b\000u\000l\000a\000r\000-\000t\000o\000-\000T\000e\000x\000t\000\040\000T\000a\000s\000k\000s}{section.7.3}% 97
\BOOKMARK [2][-]{subsection.7.3.2}{\376\377\000E\000v\000a\000l\000u\000a\000t\000e\000\040\000a\000t\000\040\000M\000u\000l\000t\000i\000p\000l\000e\000\040\000T\000e\000s\000t\000-\000S\000e\000t\000\040\000S\000i\000z\000e\000s\000\040\000B\000e\000f\000o\000r\000e\000\040\000D\000r\000a\000w\000i\000n\000g\000\040\000C\000o\000n\000c\000l\000u\000s\000i\000o\000n\000s}{section.7.3}% 98
\BOOKMARK [2][-]{subsection.7.3.3}{\376\377\000C\000o\000n\000s\000i\000d\000e\000r\000\040\000t\000h\000e\000\040\000E\000v\000a\000l\000u\000a\000t\000i\000o\000n\000\040\000I\000m\000p\000a\000c\000t\000\040\000o\000f\000\040\000R\000e\000g\000e\000x\000\040\000P\000o\000s\000t\000-\000P\000r\000o\000c\000e\000s\000s\000i\000n\000g}{section.7.3}% 99
\BOOKMARK [2][-]{subsection.7.3.4}{\376\377\000R\000e\000p\000o\000r\000t\000\040\000R\000e\000s\000u\000l\000t\000s\000\040\000o\000n\000\040\000B\000o\000t\000h\000\040\000C\000h\000e\000c\000k\000p\000o\000i\000n\000t\000\040\000V\000a\000r\000i\000a\000n\000t\000s}{section.7.3}% 100
\BOOKMARK [1][-]{section.7.4}{\376\377\000R\000e\000c\000o\000m\000m\000e\000n\000d\000a\000t\000i\000o\000n\000s\000\040\000f\000o\000r\000\040\000S\000o\000f\000t\000w\000a\000r\000e\000\040\000E\000n\000g\000i\000n\000e\000e\000r\000s\000\040\000a\000n\000d\000\040\000M\000L\000O\000p\000s\000\040\000P\000r\000a\000c\000t\000i\000t\000i\000o\000n\000e\000r\000s}{chapter.7}% 101
\BOOKMARK [2][-]{subsection.7.4.1}{\376\377\000U\000s\000e\000\040\000Q\000L\000o\000R\000A\000\040\000f\000o\000r\000\040\000M\000e\000m\000o\000r\000y\000-\000C\000o\000n\000s\000t\000r\000a\000i\000n\000e\000d\000\040\000D\000e\000p\000l\000o\000y\000m\000e\000n\000t}{section.7.4}% 102
\BOOKMARK [2][-]{subsection.7.4.2}{\376\377\000I\000m\000p\000l\000e\000m\000e\000n\000t\000\040\000C\000h\000e\000c\000k\000p\000o\000i\000n\000t\000\040\000M\000a\000n\000a\000g\000e\000m\000e\000n\000t\000\040\000f\000r\000o\000m\000\040\000t\000h\000e\000\040\000S\000t\000a\000r\000t\000\040\000o\000f\000\040\000T\000r\000a\000i\000n\000i\000n\000g}{section.7.4}% 103
\BOOKMARK [2][-]{subsection.7.4.3}{\376\377\000W\000r\000a\000p\000\040\000I\000n\000f\000e\000r\000e\000n\000c\000e\000\040\000i\000n\000\040\000a\000\040\000R\000o\000b\000u\000s\000t\000\040\000P\000o\000s\000t\000-\000P\000r\000o\000c\000e\000s\000s\000i\000n\000g\000\040\000L\000a\000y\000e\000r}{section.7.4}% 104
\BOOKMARK [2][-]{subsection.7.4.4}{\376\377\000V\000e\000r\000s\000i\000o\000n\000\040\000D\000a\000t\000a\000s\000e\000t\000s\000\040\000a\000n\000d\000\040\000M\000o\000d\000e\000l\000\040\000A\000r\000t\000e\000f\000a\000c\000t\000s\000\040\000T\000o\000g\000e\000t\000h\000e\000r}{section.7.4}% 105
\BOOKMARK [2][-]{subsection.7.4.5}{\376\377\000U\000s\000e\000\040\000S\000e\000r\000v\000e\000r\000l\000e\000s\000s\000\040\000G\000P\000U\000\040\000P\000l\000a\000t\000f\000o\000r\000m\000s\000\040\000a\000s\000\040\000a\000\040\000L\000o\000w\000-\000C\000o\000s\000t\000\040\000D\000e\000p\000l\000o\000y\000m\000e\000n\000t\000\040\000P\000a\000t\000h}{section.7.4}% 106
\BOOKMARK [1][-]{section.7.5}{\376\377\000R\000e\000c\000o\000m\000m\000e\000n\000d\000a\000t\000i\000o\000n\000s\000\040\000f\000o\000r\000\040\000F\000u\000t\000u\000r\000e\000\040\000R\000e\000s\000e\000a\000r\000c\000h\000e\000r\000s}{chapter.7}% 107
\BOOKMARK [2][-]{subsection.7.5.1}{\376\377\000E\000x\000t\000e\000n\000d\000\040\000t\000h\000e\000\040\000P\000i\000p\000e\000l\000i\000n\000e\000\040\000t\000o\000\040\000D\000o\000m\000e\000s\000t\000i\000c\000\040\000T\0002\0000\000\040\000L\000e\000a\000g\000u\000e\000s}{section.7.5}% 108
\BOOKMARK [2][-]{subsection.7.5.2}{\376\377\000I\000n\000v\000e\000s\000t\000i\000g\000a\000t\000e\000\040\000t\000h\000e\000\040\000E\000f\000f\000e\000c\000t\000\040\000o\000f\000\040\000B\000a\000s\000e\000\040\000M\000o\000d\000e\000l\000\040\000S\000c\000a\000l\000e}{section.7.5}% 109
\BOOKMARK [2][-]{subsection.7.5.3}{\376\377\000D\000e\000v\000e\000l\000o\000p\000\040\000a\000\040\000S\000e\000c\000o\000n\000d\000-\000I\000n\000n\000i\000n\000g\000s\000\040\000P\000r\000e\000d\000i\000c\000t\000i\000o\000n\000\040\000V\000a\000r\000i\000a\000n\000t}{section.7.5}% 110
\BOOKMARK [2][-]{subsection.7.5.4}{\376\377\000Q\000u\000a\000n\000t\000i\000f\000y\000\040\000U\000n\000c\000e\000r\000t\000a\000i\000n\000t\000y\000\040\000w\000i\000t\000h\000\040\000S\000a\000m\000p\000l\000e\000d\000\040\000C\000o\000m\000p\000l\000e\000t\000i\000o\000n\000s}{section.7.5}% 111
\BOOKMARK [2][-]{subsection.7.5.5}{\376\377\000C\000o\000n\000d\000u\000c\000t\000\040\000a\000n\000\040\000A\000b\000l\000a\000t\000i\000o\000n\000\040\000S\000t\000u\000d\000y\000\040\000o\000f\000\040\000E\000n\000g\000i\000n\000e\000e\000r\000e\000d\000\040\000F\000e\000a\000t\000u\000r\000e\000s}{section.7.5}% 112
\BOOKMARK [0][-]{subsection.7.5.5}{\376\377\000R\000e\000f\000e\000r\000e\000n\000c\000e\000s}{}% 113
\BOOKMARK [0][-]{appendix.A}{\376\377\000P\000r\000o\000m\000p\000t\000\040\000S\000c\000h\000e\000m\000a\000\040\000a\000n\000d\000\040\000S\000a\000m\000p\000l\000e\000\040\000P\000r\000o\000m\000p\000t\040\023\000C\000o\000m\000p\000l\000e\000t\000i\000o\000n\000\040\000P\000a\000i\000r\000s}{}% 114
\BOOKMARK [0][-]{appendix.B}{\376\377\000P\000l\000a\000y\000e\000r\000\040\000C\000l\000a\000s\000s\000i\000f\000i\000c\000a\000t\000i\000o\000n\000\040\000R\000u\000l\000e\000s}{}% 115
\BOOKMARK [0][-]{appendix.C}{\376\377\000F\000u\000l\000l\000\040\000T\000r\000a\000i\000n\000i\000n\000g\000\040\000C\000o\000n\000f\000i\000g\000u\000r\000a\000t\000i\000o\000n}{}% 116
\BOOKMARK [0][-]{appendix.D}{\376\377\000S\000a\000m\000p\000l\000e\000\040\000M\000o\000d\000e\000l\000\040\000O\000u\000t\000p\000u\000t\000s}{}% 117
